// Jest Snapshot v1, https://goo.gl/fbAQLP

exports[`works 1`] = `
{
  "plugins": {
    "jsEval": {
      "timeout": 5000,
    },
  },
  "servers": [
    {
      "channels": [
        {
          "name": "##jellobot-test",
        },
      ],
      "commandPrefix": "!",
      "debug": false,
      "ircClientConfig": {
        "channels": [
          "##jellobot-test",
        ],
        "realName": "jellobot",
      },
      "nick": "jellobot",
      "password": null,
      "sasl": false,
      "secure": false,
      "server": "irc.libera.chat",
    },
  ],
  "verbose": false,
}
`;
